
######## ETH h10 | 15模型集成 | meta_val 365天 test 334天 ########
[top1 有前视] n=5010 (15.0/天) acc=64.17%
[因果P99/30天] n=4608 (13.8/天) acc=62.15%
[漂移诊断] 当日P99 - 历史P99: 中位=-0.0221 均值=-0.0220 | 历史阈值更松的天数占比=15%
[密度诊断] 因果信号数/天: 中位=0 均值=13.8 (top1%参考=15/天)
  [meta_val扫描]  win_days  q        n/天  acc%  |  test: n/天 acc%
  w=30  q=99.0  mv:  13.7 59.92% | test:  13.8 62.15%
  w=30  q=99.2  mv:  11.1 60.20% | test:  11.2 61.87%
  w=30  q=99.5  mv:   7.1 61.09% | test:   7.2 62.02%
  w=30  q=99.7  mv:   4.3 60.61% | test:   4.4 62.25%
  w=30  q=99.8  mv:   3.0 59.33% | test:   2.9 63.74%
  w=30  q=99.9  mv:   1.6 62.37% | test:   1.5 66.67%
  w=60  q=99.0  mv:  12.8 59.78% | test:  12.2 63.06%
  w=60  q=99.2  mv:  10.4 60.22% | test:   9.9 62.73%
  w=60  q=99.5  mv:   6.6 60.30% | test:   6.3 62.17%
  w=60  q=99.7  mv:   4.0 60.25% | test:   3.8 62.88%
  w=60  q=99.8  mv:   2.7 59.37% | test:   2.5 64.86%
  w=60  q=99.9  mv:   1.3 61.43% | test:   1.4 69.09%
  w=90  q=99.0  mv:  11.1 59.79% | test:  10.9 63.15%
  w=90  q=99.2  mv:   8.9 60.32% | test:   8.8 62.93%
  w=90  q=99.5  mv:   5.7 60.28% | test:   5.5 62.36%
  w=90  q=99.7  mv:   3.5 61.31% | test:   3.3 63.51%
  w=90  q=99.8  mv:   2.3 60.07% | test:   2.2 65.63%
  w=90  q=99.9  mv:   1.1 62.07% | test:   1.2 69.52%
  => meta_val最优(密度10-20/天): win=60 q=99.2 mv_acc=60.22% | test_acc=62.73% n=3300

######## BTC h10 | 15模型集成 | meta_val 365天 test 334天 ########
[top1 有前视] n=5008 (15.0/天) acc=64.28%
[因果P99/30天] n=4582 (13.7/天) acc=62.07%
[漂移诊断] 当日P99 - 历史P99: 中位=-0.0259 均值=-0.0261 | 历史阈值更松的天数占比=15%
[密度诊断] 因果信号数/天: 中位=0 均值=13.7 (top1%参考=15/天)
  [meta_val扫描]  win_days  q        n/天  acc%  |  test: n/天 acc%
  w=30  q=99.0  mv:  13.7 58.81% | test:  13.7 62.07%
  w=30  q=99.2  mv:  10.9 59.54% | test:  11.0 62.14%
  w=30  q=99.5  mv:   7.0 59.97% | test:   7.2 63.17%
  w=30  q=99.7  mv:   4.3 59.54% | test:   4.2 65.55%
  w=30  q=99.8  mv:   3.0 57.43% | test:   2.9 68.66%
  w=30  q=99.9  mv:   1.7 57.78% | test:   1.6 71.32%
  w=60  q=99.0  mv:  12.6 59.02% | test:  12.3 62.22%
  w=60  q=99.2  mv:  10.1 59.65% | test:   9.8 62.82%
  w=60  q=99.5  mv:   6.5 60.12% | test:   6.3 63.65%
  w=60  q=99.7  mv:   3.9 60.28% | test:   3.8 65.11%
  w=60  q=99.8  mv:   2.7 57.81% | test:   2.6 66.78%
  w=60  q=99.9  mv:   1.5 59.50% | test:   1.4 70.18%
  w=90  q=99.0  mv:  11.0 59.31% | test:  11.2 61.82%
  w=90  q=99.2  mv:   8.8 60.56% | test:   9.0 62.41%
  w=90  q=99.5  mv:   5.7 61.03% | test:   5.7 62.97%
  w=90  q=99.7  mv:   3.3 59.93% | test:   3.4 64.61%
  w=90  q=99.8  mv:   2.3 58.11% | test:   2.3 66.15%
  w=90  q=99.9  mv:   1.2 56.73% | test:   1.3 70.14%
  => meta_val最优(密度10-20/天): win=60 q=99.2 mv_acc=59.65% | test_acc=62.82% n=3281
